// Jest Snapshot v1, https://goo.gl/fbAQLP

exports[`renders correctly 1`] = `
<div
  id="titles"
>
  <ul
    id="todo-list"
  >
    <li>
      <a
        href="#"
        onClick={[Function]}
      >
        <span
          aria-hidden="true"
          className="glyphicon glyphicon-list-alt note-icon"
        />
        Â 
        Title2
      </a>
    </li>
  </ul>
</div>
`;
